// Vitest Snapshot v1, https://vitest.dev/guide/snapshot.html

exports[`KeyFacts (issue #603) > matches the markup snapshot at 330 px (same markup; the CSS folds it) 1`] = `"<div class="key-facts-box"><dl class="key-facts key-facts-3"><div class="key-fact"><dd class="key-fact-value" title="£2,150">£2,150</dd><dt class="key-fact-label">a month</dt></div><div class="key-fact"><dd class="key-fact-value" title="2 bed">2 bed</dd><dt class="key-fact-label">1 bath</dt></div><div class="key-fact"><dd class="key-fact-value" title="1 Nov">1 Nov</dd><dt class="key-fact-label">available</dt></div></dl></div>"`;

exports[`KeyFacts (issue #603) > matches the markup snapshot at 390 px (four quarters) 1`] = `"<div class="key-facts-box"><dl class="key-facts key-facts-4"><div class="key-fact"><dd class="key-fact-value" title="£2,150">£2,150</dd><dt class="key-fact-label">a month</dt></div><div class="key-fact"><dd class="key-fact-value" title="2 bed">2 bed</dd><dt class="key-fact-label">1 bath</dt></div><div class="key-fact"><dd class="key-fact-value" title="1 Nov">1 Nov</dd><dt class="key-fact-label">available</dt></div><div class="key-fact"><dd class="key-fact-value" title="14 min">14 min</dd><dt class="key-fact-label">bike to work</dt></div></dl></div>"`;
